{
  "schema": "korpus.dependency-lock-verification.v2",
  "status": "PASS",
  "release": "v0.8.0",
  "source_tree_sha256": "10428c12f0fdb89f0c023cb3adbabb4a5fdef1dbb6c7e78e89f7931896cbded0",
  "python": {
    "runtime_packages": 55,
    "dev_closure_packages": 68,
    "runtime_lock_sha256": "5bf7c9e99af26e445e6d12c12a817fe6b838377240939f06127ec586a1f06f98",
    "dev_lock_sha256": "b5028d055efc2d8f72be91c1e6efdd9f82203f2506a63865bff26e3489a6e6bc",
    "direct_runtime_dependencies": 16,
    "direct_dev_dependencies": 5,
    "direct_postgres_dependencies": 1,
    "all_pins_exact": true,
    "all_artifacts_sha256_bound": true
  },
  "web": {
    "lockfile_version": 3,
    "packages": 0
  },
  "osv_query_batch": {
    "queries": [
      {
        "package": {
          "ecosystem": "PyPI",
          "name": "alembic"
        },
        "version": "1.18.4"
      },
      {
        "package": {
          "ecosystem": "PyPI",
          "name": "annotated-doc"
        },
        "version": "0.0.4"
      },
      {
        "package": {
          "ecosystem": "PyPI",
          "name": "annotated-types"
        },
        "version": "0.7.0"
      },
      {
        "package": {
          "ecosystem": "PyPI",
          "name": "anyio"
        },
        "version": "4.13.0"
      },
      {
        "package": {
          "ecosystem": "PyPI",
          "name": "boto3"
        },
        "version": "1.43.18"
      },
      {
        "package": {
          "ecosystem": "PyPI",
          "name": "botocore"
        },
        "version": "1.43.18"
      },
      {
        "package": {
          "ecosystem": "PyPI",
          "name": "certifi"
        },
        "version": "2026.5.20"
      },
      {
        "package": {
          "ecosystem": "PyPI",
          "name": "cffi"
        },
        "version": "2.0.0"
      },
      {
        "package": {
          "ecosystem": "PyPI",
          "name": "click"
        },
        "version": "8.3.3"
      },
      {
        "package": {
          "ecosystem": "PyPI",
          "name": "cryptography"
        },
        "version": "50.0.0"
      },
      {
        "package": {
          "ecosystem": "PyPI",
          "name": "fastapi"
        },
        "version": "0.141.1"
      },
      {
        "package": {
          "ecosystem": "PyPI",
          "name": "googleapis-common-protos"
        },
        "version": "1.75.0"
      },
      {
        "package": {
          "ecosystem": "PyPI",
          "name": "greenlet"
        },
        "version": "3.5.1"
      },
      {
        "package": {
          "ecosystem": "PyPI",
          "name": "grpcio"
        },
        "version": "1.80.0"
      },
      {
        "package": {
          "ecosystem": "PyPI",
          "name": "h11"
        },
        "version": "0.16.0"
      },
      {
        "package": {
          "ecosystem": "PyPI",
          "name": "httpcore"
        },
        "version": "1.0.9"
      },
      {
        "package": {
          "ecosystem": "PyPI",
          "name": "httptools"
        },
        "version": "0.8.0"
      },
      {
        "package": {
          "ecosystem": "PyPI",
          "name": "httpx"
        },
        "version": "0.28.1"
      },
      {
        "package": {
          "ecosystem": "PyPI",
          "name": "idna"
        },
        "version": "3.17"
      },
      {
        "package": {
          "ecosystem": "PyPI",
          "name": "jmespath"
        },
        "version": "1.1.0"
      },
      {
        "package": {
          "ecosystem": "PyPI",
          "name": "Mako"
        },
        "version": "1.3.12"
      },
      {
        "package": {
          "ecosystem": "PyPI",
          "name": "MarkupSafe"
        },
        "version": "3.0.3"
      },
      {
        "package": {
          "ecosystem": "PyPI",
          "name": "opentelemetry-api"
        },
        "version": "1.42.1"
      },
      {
        "package": {
          "ecosystem": "PyPI",
          "name": "opentelemetry-exporter-otlp-proto-common"
        },
        "version": "1.42.1"
      },
      {
        "package": {
          "ecosystem": "PyPI",
          "name": "opentelemetry-exporter-otlp-proto-grpc"
        },
        "version": "1.42.1"
      },
      {
        "package": {
          "ecosystem": "PyPI",
          "name": "opentelemetry-proto"
        },
        "version": "1.42.1"
      },
      {
        "package": {
          "ecosystem": "PyPI",
          "name": "opentelemetry-sdk"
        },
        "version": "1.42.1"
      },
      {
        "package": {
          "ecosystem": "PyPI",
          "name": "opentelemetry-semantic-conventions"
        },
        "version": "0.63b1"
      },
      {
        "package": {
          "ecosystem": "PyPI",
          "name": "orjson"
        },
        "version": "3.11.9"
      },
      {
        "package": {
          "ecosystem": "PyPI",
          "name": "packaging"
        },
        "version": "25.0"
      },
      {
        "package": {
          "ecosystem": "PyPI",
          "name": "prometheus-client"
        },
        "version": "0.25.0"
      },
      {
        "package": {
          "ecosystem": "PyPI",
          "name": "protobuf"
        },
        "version": "6.33.6"
      },
      {
        "package": {
          "ecosystem": "PyPI",
          "name": "psycopg"
        },
        "version": "3.3.4"
      },
      {
        "package": {
          "ecosystem": "PyPI",
          "name": "psycopg-binary"
        },
        "version": "3.3.4"
      },
      {
        "package": {
          "ecosystem": "PyPI",
          "name": "pycparser"
        },
        "version": "3.0"
      },
      {
        "package": {
          "ecosystem": "PyPI",
          "name": "pydantic"
        },
        "version": "2.13.4"
      },
      {
        "package": {
          "ecosystem": "PyPI",
          "name": "pydantic-core"
        },
        "version": "2.46.4"
      },
      {
        "package": {
          "ecosystem": "PyPI",
          "name": "pydantic-settings"
        },
        "version": "2.14.2"
      },
      {
        "package": {
          "ecosystem": "PyPI",
          "name": "PyJWT"
        },
        "version": "2.13.0"
      },
      {
        "package": {
          "ecosystem": "PyPI",
          "name": "pypdf"
        },
        "version": "6.14.2"
      },
      {
        "package": {
          "ecosystem": "PyPI",
          "name": "python-dateutil"
        },
        "version": "2.9.0.post0"
      },
      {
        "package": {
          "ecosystem": "PyPI",
          "name": "python-dotenv"
        },
        "version": "1.2.2"
      },
      {
        "package": {
          "ecosystem": "PyPI",
          "name": "python-multipart"
        },
        "version": "0.0.31"
      },
      {
        "package": {
          "ecosystem": "PyPI",
          "name": "PyYAML"
        },
        "version": "6.0.3"
      },
      {
        "package": {
          "ecosystem": "PyPI",
          "name": "s3transfer"
        },
        "version": "0.18.0"
      },
      {
        "package": {
          "ecosystem": "PyPI",
          "name": "six"
        },
        "version": "1.17.0"
      },
      {
        "package": {
          "ecosystem": "PyPI",
          "name": "SQLAlchemy"
        },
        "version": "2.0.50"
      },
      {
        "package": {
          "ecosystem": "PyPI",
          "name": "starlette"
        },
        "version": "1.3.1"
      },
      {
        "package": {
          "ecosystem": "PyPI",
          "name": "typing-extensions"
        },
        "version": "4.15.0"
      },
      {
        "package": {
          "ecosystem": "PyPI",
          "name": "typing-inspection"
        },
        "version": "0.4.2"
      },
      {
        "package": {
          "ecosystem": "PyPI",
          "name": "urllib3"
        },
        "version": "2.7.0"
      },
      {
        "package": {
          "ecosystem": "PyPI",
          "name": "uvicorn"
        },
        "version": "0.48.0"
      },
      {
        "package": {
          "ecosystem": "PyPI",
          "name": "uvloop"
        },
        "version": "0.22.1"
      },
      {
        "package": {
          "ecosystem": "PyPI",
          "name": "watchfiles"
        },
        "version": "1.2.0"
      },
      {
        "package": {
          "ecosystem": "PyPI",
          "name": "websockets"
        },
        "version": "16.0"
      }
    ]
  },
  "vulnerability_status": "UNKNOWN_UNTIL_OSV_OR_EQUIVALENT_SCANNER_EXECUTES",
  "failures": []
}
