TAP version 13
# Subtest: the unmutated tree passes, so a failure below means the mutation
ok 1 - the unmutated tree passes, so a failure below means the mutation
  ---
  duration_ms: 774.012941
  type: 'test'
  ...
# Subtest: a syntax error in a module is caught
ok 2 - a syntax error in a module is caught
  ---
  duration_ms: 947.64376
  type: 'test'
  ...
# Subtest: a token written to persistent storage is caught
ok 3 - a token written to persistent storage is caught
  ---
  duration_ms: 575.095664
  type: 'test'
  ...
# Subtest: a bare localStorage reference is caught (sessionStorage is now allowed)
ok 4 - a bare localStorage reference is caught (sessionStorage is now allowed)
  ---
  duration_ms: 1083.040843
  type: 'test'
  ...
# Subtest: a console calling fetch behind api.js is caught
ok 5 - a console calling fetch behind api.js is caught
  ---
  duration_ms: 539.424361
  type: 'test'
  ...
# Subtest: a console reading cookies directly is caught
ok 6 - a console reading cookies directly is caught
  ---
  duration_ms: 540.886191
  type: 'test'
  ...
# Subtest: dropping the CSRF header from state-changing requests is caught
ok 7 - dropping the CSRF header from state-changing requests is caught
  ---
  duration_ms: 535.970296
  type: 'test'
  ...
# Subtest: a submit button that ships enabled is caught
ok 8 - a submit button that ships enabled is caught
  ---
  duration_ms: 571.964397
  type: 'test'
  ...
# Subtest: removing a preview button is caught
ok 9 - removing a preview button is caught
  ---
  duration_ms: 550.105681
  type: 'test'
  ...
# Subtest: weakening the preview gate to a boolean is caught
ok 10 - weakening the preview gate to a boolean is caught
  ---
  duration_ms: 533.959953
  type: 'test'
  ...
# Subtest: swallowing the refusal reason is caught
ok 11 - swallowing the refusal reason is caught
  ---
  duration_ms: 550.746773
  type: 'test'
  ...
# Subtest: a hand-written length constraint in the console is caught
ok 12 - a hand-written length constraint in the console is caught
  ---
  duration_ms: 556.919142
  type: 'test'
  ...
# Subtest: a hand-copied role table is caught
ok 13 - a hand-copied role table is caught
  ---
  duration_ms: 558.237689
  type: 'test'
  ...
# Subtest: a hand-edited contract.js is caught
ok 14 - a hand-edited contract.js is caught
  ---
  duration_ms: 552.698744
  type: 'test'
  ...
# Subtest: a form control losing its label is caught
ok 15 - a form control losing its label is caught
  ---
  duration_ms: 542.818944
  type: 'test'
  ...
# Subtest: a second h1 on the console page is caught
ok 16 - a second h1 on the console page is caught
  ---
  duration_ms: 538.639597
  type: 'test'
  ...
# Subtest: a result panel that cannot announce itself is caught
ok 17 - a result panel that cannot announce itself is caught
  ---
  duration_ms: 541.729741
  type: 'test'
  ...
# Subtest: removing the statement that hiding is not access control is caught
ok 18 - removing the statement that hiding is not access control is caught
  ---
  duration_ms: 531.314506
  type: 'test'
  ...
# Subtest: removing the uncalibrated-score disclaimer is caught
ok 19 - removing the uncalibrated-score disclaimer is caught
  ---
  duration_ms: 541.079929
  type: 'test'
  ...
# Subtest: an empty asset is caught
ok 20 - an empty asset is caught
  ---
  duration_ms: 37.54929
  type: 'test'
  ...
# Subtest: a dev proxy that stops stripping the prefix nginx strips is caught
ok 21 - a dev proxy that stops stripping the prefix nginx strips is caught
  ---
  duration_ms: 540.811268
  type: 'test'
  ...
# Subtest: a dev proxy whose prefix drifts from nginx is caught
ok 22 - a dev proxy whose prefix drifts from nginx is caught
  ---
  duration_ms: 552.010302
  type: 'test'
  ...
# Subtest: dropping nginx's prefix strip is caught
ok 23 - dropping nginx's prefix strip is caught
  ---
  duration_ms: 536.114119
  type: 'test'
  ...
# Subtest: a dev server that stops saying it is not the production edge is caught
ok 24 - a dev server that stops saying it is not the production edge is caught
  ---
  duration_ms: 532.990564
  type: 'test'
  ...
# Subtest: a syntax error in the dev server is caught
ok 25 - a syntax error in the dev server is caught
  ---
  duration_ms: 456.671062
  type: 'test'
  ...
# Subtest: a tab without its panel is caught
ok 26 - a tab without its panel is caught
  ---
  duration_ms: 526.931933
  type: 'test'
  ...
# Subtest: a dev proxy that stops stripping hop-by-hop headers is caught
ok 27 - a dev proxy that stops stripping hop-by-hop headers is caught
  ---
  duration_ms: 538.188417
  type: 'test'
  ...
# Subtest: a dev proxy that stops binding loopback is caught
ok 28 - a dev proxy that stops binding loopback is caught
  ---
  duration_ms: 540.669553
  type: 'test'
  ...
# Subtest: merging the verified and declared identities is caught
ok 29 - merging the verified and declared identities is caught
  ---
  duration_ms: 528.959953
  type: 'test'
  ...
# Subtest: styling a declared attribute like a verified one is caught
ok 30 - styling a declared attribute like a verified one is caught
  ---
  duration_ms: 541.970119
  type: 'test'
  ...
# Subtest: dropping the declaration from the query is caught
ok 31 - dropping the declaration from the query is caught
  ---
  duration_ms: 553.974041
  type: 'test'
  ...
# Subtest: the negative control above still edits something
ok 32 - the negative control above still edits something
  ---
  duration_ms: 0.864613
  type: 'test'
  ...
# Subtest: renaming the question variable is not caught
ok 33 - renaming the question variable is not caught
  ---
  duration_ms: 575.19682
  type: 'test'
  ...
# Subtest: a consumer shell that blows the transfer budget is caught
ok 34 - a consumer shell that blows the transfer budget is caught
  ---
  duration_ms: 53.109039
  type: 'test'
  ...
# Subtest: turning plain Enter into a newline-only composer is caught
ok 35 - turning plain Enter into a newline-only composer is caught
  ---
  duration_ms: 560.071084
  type: 'test'
  ...
# Subtest: an error summary that does not take focus is caught
ok 36 - an error summary that does not take focus is caught
  ---
  duration_ms: 523.624937
  type: 'test'
  ...
# Subtest: a hidden section that a display rule can override is caught
ok 37 - a hidden section that a display rule can override is caught
  ---
  duration_ms: 541.609404
  type: 'test'
  ...
# Subtest: a location that sets a header without repeating the CSP is caught
ok 38 - a location that sets a header without repeating the CSP is caught
  ---
  duration_ms: 562.364092
  type: 'test'
  ...
# Subtest: a colour token below AA contrast is caught
ok 39 - a colour token below AA contrast is caught
  ---
  duration_ms: 529.393351
  type: 'test'
  ...
# Subtest: introducing a second palette root is caught
ok 40 - introducing a second palette root is caught
  ---
  duration_ms: 564.238143
  type: 'test'
  ...
# Subtest: design token drift is caught before CSS can silently diverge
ok 41 - design token drift is caught before CSS can silently diverge
  ---
  duration_ms: 54.925369
  type: 'test'
  ...
# Subtest: mobile conversation history no longer ships forced open
ok 42 - mobile conversation history no longer ships forced open
  ---
  duration_ms: 556.382221
  type: 'test'
  ...
# Subtest: removing the sentence that history is not evidence is caught
ok 43 - removing the sentence that history is not evidence is caught
  ---
  duration_ms: 560.691525
  type: 'test'
  ...
# Subtest: rendering a stored turn like a live one is caught
ok 44 - rendering a stored turn like a live one is caught
  ---
  duration_ms: 568.240982
  type: 'test'
  ...
# Subtest: dropping the stored-turn styling is caught even when the class stays
ok 45 - dropping the stored-turn styling is caught even when the class stays
  ---
  duration_ms: 587.242254
  type: 'test'
  ...
# Subtest: rendering a payment refusal as an evidence refusal is caught
ok 46 - rendering a payment refusal as an evidence refusal is caught
  ---
  duration_ms: 580.243514
  type: 'test'
  ...
# Subtest: a browser that names an account is caught
ok 47 - a browser that names an account is caught
  ---
  duration_ms: 572.414616
  type: 'test'
  ...
# Subtest: a fetch call added to the conversation module is caught
ok 48 - a fetch call added to the conversation module is caught
  ---
  duration_ms: 545.411485
  type: 'test'
  ...
# Subtest: a stored refusal rendered without its verdict is caught
ok 49 - a stored refusal rendered without its verdict is caught
  ---
  duration_ms: 529.640833
  type: 'test'
  ...
# Subtest: a conversation list truncated in silence is caught
ok 50 - a conversation list truncated in silence is caught
  ---
  duration_ms: 535.316095
  type: 'test'
  ...
# Subtest: a transcript that hides its newest turns in silence is caught
ok 51 - a transcript that hides its newest turns in silence is caught
  ---
  duration_ms: 589.140321
  type: 'test'
  ...
# Subtest: removing the show-more control is caught
ok 52 - removing the show-more control is caught
  ---
  duration_ms: 605.816592
  type: 'test'
  ...
# Subtest: an accounts console without its preview gate is caught
ok 53 - an accounts console without its preview gate is caught
  ---
  duration_ms: 677.357272
  type: 'test'
  ...
# Subtest: removing the accounts console surface is caught
ok 54 - removing the accounts console surface is caught
  ---
  duration_ms: 611.423492
  type: 'test'
  ...
# Subtest: a module imported by app but missing from the SW cache is caught
ok 55 - a module imported by app but missing from the SW cache is caught
  ---
  duration_ms: 592.649212
  type: 'test'
  ...
